MSBuild version 17.8.3+195e7f5a3 for .NET
  Determining projects to restore...
  Nothing to do. None of the projects specified contain packages to restore.
d:\study\LTW\LTW2\Thực hành\Thuc_hanh_WEB\Thuc_hanh_WEB\Thuc_hanh_WEB.csproj(352,3): error MSB4019: The imported project "C:\Program Files\dotnet\sdk\8.0.101\Microsoft\VisualStudio\v17.0\WebApplications\Microsoft.WebApplication.targets" was not found. Confirm that the expression in the Import declaration "C:\Program Files\dotnet\sdk\8.0.101\Microsoft\VisualStudio\v17.0\WebApplications\Microsoft.WebApplication.targets" is correct, and that the file exists on disk.

Build FAILED.

d:\study\LTW\LTW2\Thực hành\Thuc_hanh_WEB\Thuc_hanh_WEB\Thuc_hanh_WEB.csproj(352,3): error MSB4019: The imported project "C:\Program Files\dotnet\sdk\8.0.101\Microsoft\VisualStudio\v17.0\WebApplications\Microsoft.WebApplication.targets" was not found. Confirm that the expression in the Import declaration "C:\Program Files\dotnet\sdk\8.0.101\Microsoft\VisualStudio\v17.0\WebApplications\Microsoft.WebApplication.targets" is correct, and that the file exists on disk.
    0 Warning(s)
    1 Error(s)

Time Elapsed 00:00:01.91
